// Jest Snapshot v1, https://goo.gl/fbAQLP

exports[`probando <AddCategory/> debe hacer match con el snapshot 1`] = `
<div>
  <form
    aria-label="form"
  >
    <input
      placeholder="Buscar Gifs"
      type="text"
      value=""
    />
  </form>
</div>
`;
